\BOOKMARK [2][-]{subsection.0.1}{\376\377\000E\000s\000t\000e\000n\000s\000i\000o\000n\000i\000,\000\040\000s\000p\000e\000c\000i\000e\000\040\000d\000i\000\040\000a\000g\000e\000n\000t\000i\000\040\000e\000\040\000v\000a\000r\000i\000a\000b\000i\000l\000i\000\040\000p\000r\000i\000n\000c\000i\000p\000a\000l\000i\000\040\000d\000e\000l\000\040\000m\000o\000d\000e\000l\000l\000o}{}% 1
\BOOKMARK [2][-]{subsection.0.2}{\376\377\000H\000e\000l\000p\000e\000r\000\040\000p\000e\000r\000\040\000l\000a\000\040\000g\000e\000s\000t\000i\000o\000n\000e\000\040\000s\000i\000c\000u\000r\000a\000\040\000d\000e\000l\000l\000e\000\040\000p\000e\000n\000n\000e\000\040\000d\000e\000i\000\040\000p\000l\000o\000t}{}% 2
\BOOKMARK [2][-]{subsection.0.3}{\376\377\000I\000n\000i\000z\000i\000a\000l\000i\000z\000z\000a\000z\000i\000o\000n\000e\000\040\000d\000e\000l\000\040\000p\000o\000r\000t\000a\000f\000o\000g\000l\000i\000o\000\040\000d\000e\000g\000l\000i\000\040\000a\000g\000e\000n\000t\000i}{}% 3
\BOOKMARK [2][-]{subsection.0.4}{\376\377\000P\000o\000s\000i\000z\000i\000o\000n\000a\000m\000e\000n\000t\000o\000\040\000i\000n\000i\000z\000i\000a\000l\000e\000\040\000d\000e\000g\000l\000i\000\040\000a\000g\000e\000n\000t\000i\000\040\000i\000n\000\040\000u\000n\000a\000\040\000r\000e\000g\000i\000o\000n\000e\000\040\000c\000e\000n\000t\000r\000a\000l\000e}{}% 4
\BOOKMARK [2][-]{subsection.0.5}{\376\377\000P\000r\000o\000c\000e\000d\000u\000r\000a\000\040\000d\000i\000\040\000i\000n\000i\000z\000i\000a\000l\000i\000z\000z\000a\000z\000i\000o\000n\000e\000\040\000d\000e\000l\000\040\000m\000o\000d\000e\000l\000l\000o\000:\000\040\000s\000e\000t\000u\000p}{}% 5
\BOOKMARK [2][-]{subsection.0.6}{\376\377\000H\000y\000p\000e\000\040\000d\000i\000\040\000m\000e\000r\000c\000a\000t\000o\000\040\000e\000\040\000s\000t\000u\000b\000b\000o\000r\000n\000n\000e\000s\000s\000\040\000d\000i\000n\000a\000m\000i\000c\000a}{}% 6
\BOOKMARK [2][-]{subsection.0.7}{\376\377\000P\000i\000p\000e\000l\000i\000n\000e\000\040\000d\000i\000n\000a\000m\000i\000c\000a\000\040\000d\000e\000l\000l\000a\000\040\000s\000i\000m\000u\000l\000a\000z\000i\000o\000n\000e}{}% 7
\BOOKMARK [2][-]{subsection.0.8}{\376\377\000S\000t\000i\000m\000a\000\040\000d\000e\000l\000\040\000p\000r\000e\000z\000z\000o\000\040\000d\000e\000l\000\040\000m\000o\000d\000e\000l\000l\000o\000:\000\040\000f\000a\000s\000e\000\040\000r\000e\000a\000l\000e\000\040\000e\000\040\000f\000a\000s\000e\000\040\000e\000n\000d\000o\000g\000e\000n\000a}{}% 8
\BOOKMARK [2][-]{subsection.0.9}{\376\377\000C\000o\000r\000r\000e\000n\000t\000e\000\040\000d\000i\000n\000a\000m\000i\000c\000a\000\040\000n\000e\000l\000l\000e\000\040\000d\000u\000e\000\040\000f\000a\000s\000i\000\040\000d\000e\000l\000\040\000m\000o\000d\000e\000l\000l\000o}{}% 9
\BOOKMARK [2][-]{subsection.0.10}{\376\377\000M\000o\000v\000i\000m\000e\000n\000t\000o\000\040\000d\000e\000g\000l\000i\000\040\000a\000g\000e\000n\000t\000i\000\040\000c\000o\000n\000\040\000c\000o\000r\000r\000e\000n\000t\000e\000,\000\040\000r\000i\000f\000l\000e\000s\000s\000i\000o\000n\000e\000\040\000a\000i\000\040\000b\000o\000r\000d\000i\000\040\000e\000\040\000r\000u\000m\000o\000r\000e}{}% 10
\BOOKMARK [2][-]{subsection.0.11}{\376\377\000P\000r\000o\000b\000a\000b\000i\000l\000i\000t\000\340\000\040\000d\000i\000\040\000c\000o\000m\000p\000r\000a\000v\000e\000n\000d\000i\000t\000a}{}% 11
\BOOKMARK [2][-]{subsection.0.12}{\376\377\000C\000o\000m\000p\000r\000a\000v\000e\000n\000d\000i\000t\000a\000\040\000d\000i\000\040\000B\000i\000t\000c\000o\000i\000n}{}% 12
\BOOKMARK [2][-]{subsection.0.13}{\376\377\000F\000a\000t\000t\000o\000r\000e\000\040\000d\000i\000\040\000i\000s\000t\000e\000r\000e\000s\000i\000\040\000d\000e\000i\000\040\000v\000o\000l\000u\000m\000i\000\040\000b\000a\000s\000a\000t\000o\000\040\000s\000u\000l\000\040\000p\000r\000e\000z\000z\000o}{}% 13
\BOOKMARK [2][-]{subsection.0.14}{\376\377\000V\000o\000l\000u\000m\000e\000\040\000d\000e\000l\000\040\000m\000o\000d\000e\000l\000l\000o\000\040\000e\000s\000p\000r\000e\000s\000s\000o\000\040\000i\000n\000\040\000d\000o\000l\000l\000a\000r\000i}{}% 14
\BOOKMARK [2][-]{subsection.0.15}{\376\377\000L\000e\000t\000t\000u\000r\000a\000\040\000d\000e\000i\000\040\000d\000a\000t\000i\000\040\000s\000t\000o\000r\000i\000c\000i\000\040\000d\000a\000\040\000f\000i\000l\000e\000\040\000C\000S\000V}{}% 15
\BOOKMARK [2][-]{subsection.0.16}{\376\377\000G\000e\000s\000t\000i\000o\000n\000e\000\040\000d\000e\000g\000l\000i\000\040\000s\000c\000e\000n\000a\000r\000i\000\040\000d\000i\000\040\000s\000i\000m\000u\000l\000a\000z\000i\000o\000n\000e}{}% 16
\BOOKMARK [2][-]{subsection.0.17}{\376\377\000G\000e\000n\000e\000r\000a\000z\000i\000o\000n\000e\000\040\000d\000e\000i\000\040\000p\000r\000e\000z\000z\000i\000\040\000t\000r\000a\000m\000i\000t\000e\000\040\000A\000P\000I\000\040\000l\000i\000v\000e}{}% 17
\BOOKMARK [2][-]{subsection.0.18}{\376\377\000G\000e\000n\000e\000r\000a\000z\000i\000o\000n\000e\000\040\000d\000i\000\040\000s\000c\000e\000n\000a\000r\000i\000\040\000s\000i\000n\000t\000e\000t\000i\000c\000i\000\040\000d\000i\000\040\000p\000r\000e\000z\000z\000o}{}% 18
\BOOKMARK [2][-]{subsection.0.19}{\376\377\000A\000g\000g\000i\000o\000r\000n\000a\000m\000e\000n\000t\000o\000\040\000g\000i\000o\000r\000n\000a\000l\000i\000e\000r\000o\000\040\000d\000e\000i\000\040\000d\000a\000t\000i\000\040\000d\000i\000\040\000m\000e\000r\000c\000a\000t\000o}{}% 19
\BOOKMARK [2][-]{subsection.0.20}{\376\377\000C\000o\000r\000r\000e\000l\000a\000z\000i\000o\000n\000e\000\040\000d\000e\000i\000\040\000v\000o\000l\000u\000m\000i\000\040\000e\000\040\000s\000w\000i\000t\000c\000h\000\040\000a\000u\000t\000o\000m\000a\000t\000i\000c\000o\000\040\000d\000i\000\040\000r\000e\000g\000i\000m\000e}{}% 20
\BOOKMARK [2][-]{subsection.0.21}{\376\377\000C\000o\000r\000r\000e\000l\000a\000z\000i\000o\000n\000e\000\040\000d\000i\000\040\000P\000e\000a\000r\000s\000o\000n\000\040\000t\000r\000a\000\040\000p\000r\000e\000z\000z\000i\000\040\000r\000e\000a\000l\000i\000\040\000e\000\040\000p\000r\000e\000z\000z\000i\000\040\000s\000i\000m\000u\000l\000a\000t\000i}{}% 21
\BOOKMARK [2][-]{subsection.0.22}{\376\377\000P\000l\000o\000t\000\040\000d\000i\000\040\000p\000r\000e\000z\000z\000o\000,\000\040\000v\000o\000l\000u\000m\000e\000\040\000e\000\040\000p\000a\000r\000a\000m\000e\000t\000r\000i\000\040\000d\000'\000o\000r\000d\000i\000n\000e}{}% 22
\BOOKMARK [2][-]{subsection.0.23}{\376\377\000R\000e\000p\000o\000r\000t\000e\000r\000\040\000d\000i\000\040\000p\000o\000r\000t\000a\000f\000o\000g\000l\000i\000o\000\040\000a\000g\000g\000r\000e\000g\000a\000t\000o}{}% 23
\BOOKMARK [2][-]{subsection.0.24}{\376\377\000F\000l\000o\000c\000k\000i\000n\000g\000\040\000d\000i\000n\000a\000m\000i\000c\000o\000\040\000c\000o\000n\000\040\000s\000t\000u\000b\000b\000o\000r\000n\000n\000e\000s\000s\000\040\000v\000a\000r\000i\000a\000b\000i\000l\000e}{}% 24
\BOOKMARK [2][-]{subsection.0.25}{\376\377\000M\000e\000d\000i\000e\000\040\000d\000e\000l\000l\000a\000\040\000p\000o\000s\000i\000z\000i\000o\000n\000e\000\040\000v\000e\000r\000t\000i\000c\000a\000l\000e\000\040\000d\000e\000l\000l\000e\000\040\000s\000p\000e\000c\000i\000e}{}% 25
\BOOKMARK [2][-]{subsection.0.26}{\376\377\000S\000t\000i\000m\000a\000\040\000d\000e\000l\000l\000a\000\040\000p\000e\000n\000d\000e\000n\000z\000a\000\040\000t\000r\000a\000m\000i\000t\000e\000\040\000r\000e\000g\000r\000e\000s\000s\000i\000o\000n\000e\000\040\000l\000i\000n\000e\000a\000r\000e}{}% 26
\BOOKMARK [2][-]{subsection.0.27}{\376\377\000C\000o\000r\000r\000e\000l\000a\000z\000i\000o\000n\000e\000\040\000d\000i\000\040\000P\000e\000a\000r\000s\000o\000n\000\040\000g\000e\000n\000e\000r\000i\000c\000a}{}% 27
\BOOKMARK [2][-]{subsection.0.28}{\376\377\000I\000n\000d\000i\000c\000e\000\040\000d\000i\000\040\000e\000t\000e\000r\000o\000g\000e\000n\000e\000i\000t\000\340\000\040\000d\000e\000l\000l\000a\000\040\000p\000o\000p\000o\000l\000a\000z\000i\000o\000n\000e}{}% 28
\BOOKMARK [2][-]{subsection.0.29}{\376\377\000A\000g\000g\000i\000o\000r\000n\000a\000m\000e\000n\000t\000o\000\040\000d\000e\000l\000l\000e\000\040\000m\000e\000t\000r\000i\000c\000h\000e\000\040\000d\000i\000\040\000s\000t\000a\000b\000i\000l\000i\000t\000\340}{}% 29
